node.exe : PASS app/action/__tests__/AddMentoring.test.ts
At line:1 char:1
+ & "C:\Program Files\nodejs/node.exe" "C:\Users\Ayush 
Parmar\AppData\R ...
+ 
~~~~~~~~~~~~~~~~~~~~~~~~~~~~~~~~~~~~~~~~~~~~~~~~~~~~~~~~~~~~~~~~~~~~~
    + CategoryInfo          : NotSpecified: (PASS app/action...ntori 
   ng.test.ts:String) [], RemoteException
    + FullyQualifiedErrorId : NativeCommandError
 
PASS app/action/__tests__/manageStudentMentor.test.ts

Test Suites: 2 passed, 2 total
Tests:       4 passed, 4 total
Snapshots:   0 total
Time:        0.996 s, estimated 1 s
Ran all test suites.
